/home/prawicht/workspaces/mini_amr/amrROS2_ws/install/action_autodock/lib/python3.12/site-packages/action_autodock/robot_navigator.py
/home/prawicht/workspaces/mini_amr/amrROS2_ws/install/action_autodock/lib/python3.12/site-packages/action_autodock/MPC_path_generator.py
/home/prawicht/workspaces/mini_amr/amrROS2_ws/install/action_autodock/lib/python3.12/site-packages/action_autodock/move_to_pose_backward.py
/home/prawicht/workspaces/mini_amr/amrROS2_ws/install/action_autodock/lib/python3.12/site-packages/action_autodock/__init__.py
/home/prawicht/workspaces/mini_amr/amrROS2_ws/install/action_autodock/lib/python3.12/site-packages/action_autodock/autodock_action_server.py
/home/prawicht/workspaces/mini_amr/amrROS2_ws/install/action_autodock/lib/python3.12/site-packages/action_autodock/example_nav_to_pose.py
/home/prawicht/workspaces/mini_amr/amrROS2_ws/install/action_autodock/lib/python3.12/site-packages/action_autodock/__pycache__/robot_navigator.cpython-312.pyc
/home/prawicht/workspaces/mini_amr/amrROS2_ws/install/action_autodock/lib/python3.12/site-packages/action_autodock/__pycache__/MPC_path_generator.cpython-312.pyc
/home/prawicht/workspaces/mini_amr/amrROS2_ws/install/action_autodock/lib/python3.12/site-packages/action_autodock/__pycache__/move_to_pose_backward.cpython-312.pyc
/home/prawicht/workspaces/mini_amr/amrROS2_ws/install/action_autodock/lib/python3.12/site-packages/action_autodock/__pycache__/__init__.cpython-312.pyc
/home/prawicht/workspaces/mini_amr/amrROS2_ws/install/action_autodock/lib/python3.12/site-packages/action_autodock/__pycache__/autodock_action_server.cpython-312.pyc
/home/prawicht/workspaces/mini_amr/amrROS2_ws/install/action_autodock/lib/python3.12/site-packages/action_autodock/__pycache__/example_nav_to_pose.cpython-312.pyc
/home/prawicht/workspaces/mini_amr/amrROS2_ws/install/action_autodock/share/ament_index/resource_index/packages/action_autodock
/home/prawicht/workspaces/mini_amr/amrROS2_ws/install/action_autodock/share/action_autodock/package.xml
/home/prawicht/workspaces/mini_amr/amrROS2_ws/install/action_autodock/share/action_autodock/launch/auto_dock_launch.py
/home/prawicht/workspaces/mini_amr/amrROS2_ws/install/action_autodock/share/action_autodock/config/auto_dock_config.yaml
/home/prawicht/workspaces/mini_amr/amrROS2_ws/install/action_autodock/lib/python3.12/site-packages/action_autodock-0.0.0-py3.12.egg-info/requires.txt
/home/prawicht/workspaces/mini_amr/amrROS2_ws/install/action_autodock/lib/python3.12/site-packages/action_autodock-0.0.0-py3.12.egg-info/SOURCES.txt
/home/prawicht/workspaces/mini_amr/amrROS2_ws/install/action_autodock/lib/python3.12/site-packages/action_autodock-0.0.0-py3.12.egg-info/entry_points.txt
/home/prawicht/workspaces/mini_amr/amrROS2_ws/install/action_autodock/lib/python3.12/site-packages/action_autodock-0.0.0-py3.12.egg-info/PKG-INFO
/home/prawicht/workspaces/mini_amr/amrROS2_ws/install/action_autodock/lib/python3.12/site-packages/action_autodock-0.0.0-py3.12.egg-info/dependency_links.txt
/home/prawicht/workspaces/mini_amr/amrROS2_ws/install/action_autodock/lib/python3.12/site-packages/action_autodock-0.0.0-py3.12.egg-info/top_level.txt
/home/prawicht/workspaces/mini_amr/amrROS2_ws/install/action_autodock/lib/python3.12/site-packages/action_autodock-0.0.0-py3.12.egg-info/zip-safe
/home/prawicht/workspaces/mini_amr/amrROS2_ws/install/action_autodock/lib/action_autodock/autodock_action_server
